
-------------------------------------------------------------------------------
   ROBOCOPY     ::     Robust File Copy for Windows                              
-------------------------------------------------------------------------------

  Started : Tuesday, August 11, 2026 7:05:17 PM
   Source : C:\Users\earld\OneDrive\Documents\Out of the Park Developments\OOTP Baseball 26\saved_games\Action Baseball League.lg\import_export\csv\
     Dest : C:\sbv_repo\abl_csv_repo\csv\ootp_csv\

    Files : *.csv
	    
  Options : /L /TEE /DCOPY:DAT /COPY:DAT /NP /IS /IT /XJ /LEV:1 /MT:8 /R:2 /W:3 

------------------------------------------------------------------------------

	    Newer     		  296796	C:\Users\earld\OneDrive\Documents\Out of the Park Developments\OOTP Baseball 26\saved_games\Action Baseball League.lg\import_export\csv\cities.csv
	    Newer     		  253837	C:\Users\earld\OneDrive\Documents\Out of the Park Developments\OOTP Baseball 26\saved_games\Action Baseball League.lg\import_export\csv\coaches.csv
	    Newer     		     335	C:\Users\earld\OneDrive\Documents\Out of the Park Developments\OOTP Baseball 26\saved_games\Action Baseball League.lg\import_export\csv\continents.csv
	    Newer     		    1069	C:\Users\earld\OneDrive\Documents\Out of the Park Developments\OOTP Baseball 26\saved_games\Action Baseball League.lg\import_export\csv\divisions.csv
	    Newer     		  676549	C:\Users\earld\OneDrive\Documents\Out of the Park Developments\OOTP Baseball 26\saved_games\Action Baseball League.lg\import_export\csv\games.csv
	    Newer     		   1.1 m	C:\Users\earld\OneDrive\Documents\Out of the Park Developments\OOTP Baseball 26\saved_games\Action Baseball League.lg\import_export\csv\games_score.csv
	    Newer     		 212.0 m	C:\Users\earld\OneDrive\Documents\Out of the Park Developments\OOTP Baseball 26\saved_games\Action Baseball League.lg\import_export\csv\game_logs.csv
	    Newer     		     551	C:\Users\earld\OneDrive\Documents\Out of the Park Developments\OOTP Baseball 26\saved_games\Action Baseball League.lg\import_export\csv\human_managers.csv
	    Newer     		    1009	C:\Users\earld\OneDrive\Documents\Out of the Park Developments\OOTP Baseball 26\saved_games\Action Baseball League.lg\import_export\csv\human_manager_history.csv
	    Newer     		    3581	C:\Users\earld\OneDrive\Documents\Out of the Park Developments\OOTP Baseball 26\saved_games\Action Baseball League.lg\import_export\csv\human_manager_history_batting_stats.csv
	    Newer     		    2091	C:\Users\earld\OneDrive\Documents\Out of the Park Developments\OOTP Baseball 26\saved_games\Action Baseball League.lg\import_export\csv\human_manager_history_fielding_stats_stats.csv
	    Newer     		    1875	C:\Users\earld\OneDrive\Documents\Out of the Park Developments\OOTP Baseball 26\saved_games\Action Baseball League.lg\import_export\csv\human_manager_history_financials.csv
	    Newer     		    6974	C:\Users\earld\OneDrive\Documents\Out of the Park Developments\OOTP Baseball 26\saved_games\Action Baseball League.lg\import_export\csv\human_manager_history_pitching_stats.csv
	    Newer     		    1175	C:\Users\earld\OneDrive\Documents\Out of the Park Developments\OOTP Baseball 26\saved_games\Action Baseball League.lg\import_export\csv\human_manager_history_record.csv
	    Newer     		     603	C:\Users\earld\OneDrive\Documents\Out of the Park Developments\OOTP Baseball 26\saved_games\Action Baseball League.lg\import_export\csv\languages.csv
	    Newer     		    4724	C:\Users\earld\OneDrive\Documents\Out of the Park Developments\OOTP Baseball 26\saved_games\Action Baseball League.lg\import_export\csv\language_data.csv
	    Newer     		    8386	C:\Users\earld\OneDrive\Documents\Out of the Park Developments\OOTP Baseball 26\saved_games\Action Baseball League.lg\import_export\csv\leagues.csv
	    Newer     		   19434	C:\Users\earld\OneDrive\Documents\Out of the Park Developments\OOTP Baseball 26\saved_games\Action Baseball League.lg\import_export\csv\league_events.csv
	    Newer     		    8093	C:\Users\earld\OneDrive\Documents\Out of the Park Developments\OOTP Baseball 26\saved_games\Action Baseball League.lg\import_export\csv\league_history.csv
	    Newer     		   57730	C:\Users\earld\OneDrive\Documents\Out of the Park Developments\OOTP Baseball 26\saved_games\Action Baseball League.lg\import_export\csv\league_history_all_star.csv
	    Newer     		   25197	C:\Users\earld\OneDrive\Documents\Out of the Park Developments\OOTP Baseball 26\saved_games\Action Baseball League.lg\import_export\csv\league_history_batting_stats.csv
	    Newer     		   23811	C:\Users\earld\OneDrive\Documents\Out of the Park Developments\OOTP Baseball 26\saved_games\Action Baseball League.lg\import_export\csv\league_history_fielding_stats.csv
	    Newer     		   49160	C:\Users\earld\OneDrive\Documents\Out of the Park Developments\OOTP Baseball 26\saved_games\Action Baseball League.lg\import_export\csv\league_history_pitching_stats.csv
	    Newer     		    4719	C:\Users\earld\OneDrive\Documents\Out of the Park Developments\OOTP Baseball 26\saved_games\Action Baseball League.lg\import_export\csv\league_playoffs.csv
	    Newer     		      82	C:\Users\earld\OneDrive\Documents\Out of the Park Developments\OOTP Baseball 26\saved_games\Action Baseball League.lg\import_export\csv\league_playoff_fixtures.csv
	    Newer     		  13.6 m	C:\Users\earld\OneDrive\Documents\Out of the Park Developments\OOTP Baseball 26\saved_games\Action Baseball League.lg\import_export\csv\messages.csv
	    Newer     		    4275	C:\Users\earld\OneDrive\Documents\Out of the Park Developments\OOTP Baseball 26\saved_games\Action Baseball League.lg\import_export\csv\nations.csv
	    Newer     		   55430	C:\Users\earld\OneDrive\Documents\Out of the Park Developments\OOTP Baseball 26\saved_games\Action Baseball League.lg\import_export\csv\parks.csv
	    Newer     		   3.7 m	C:\Users\earld\OneDrive\Documents\Out of the Park Developments\OOTP Baseball 26\saved_games\Action Baseball League.lg\import_export\csv\players.csv
	    Newer     		   7.2 m	C:\Users\earld\OneDrive\Documents\Out of the Park Developments\OOTP Baseball 26\saved_games\Action Baseball League.lg\import_export\csv\players_at_bat_batting_stats.csv
	    Newer     		  393406	C:\Users\earld\OneDrive\Documents\Out of the Park Developments\OOTP Baseball 26\saved_games\Action Baseball League.lg\import_export\csv\players_awards.csv
	    Newer     		   1.4 m	C:\Users\earld\OneDrive\Documents\Out of the Park Developments\OOTP Baseball 26\saved_games\Action Baseball League.lg\import_export\csv\players_batting.csv
	    Newer     		   8.4 m	C:\Users\earld\OneDrive\Documents\Out of the Park Developments\OOTP Baseball 26\saved_games\Action Baseball League.lg\import_export\csv\players_career_batting_stats.csv
	    Newer     		   3.1 m	C:\Users\earld\OneDrive\Documents\Out of the Park Developments\OOTP Baseball 26\saved_games\Action Baseball League.lg\import_export\csv\players_career_fielding_stats.csv
	    Newer     		   8.8 m	C:\Users\earld\OneDrive\Documents\Out of the Park Developments\OOTP Baseball 26\saved_games\Action Baseball League.lg\import_export\csv\players_career_pitching_stats.csv
	    Newer     		  770926	C:\Users\earld\OneDrive\Documents\Out of the Park Developments\OOTP Baseball 26\saved_games\Action Baseball League.lg\import_export\csv\players_contract.csv
	    Newer     		  739847	C:\Users\earld\OneDrive\Documents\Out of the Park Developments\OOTP Baseball 26\saved_games\Action Baseball League.lg\import_export\csv\players_contract_extension.csv
	    Newer     		   1.3 m	C:\Users\earld\OneDrive\Documents\Out of the Park Developments\OOTP Baseball 26\saved_games\Action Baseball League.lg\import_export\csv\players_fielding.csv
	    Newer     		  11.0 m	C:\Users\earld\OneDrive\Documents\Out of the Park Developments\OOTP Baseball 26\saved_games\Action Baseball League.lg\import_export\csv\players_game_batting.csv
	    Newer     		   3.6 m	C:\Users\earld\OneDrive\Documents\Out of the Park Developments\OOTP Baseball 26\saved_games\Action Baseball League.lg\import_export\csv\players_game_pitching_stats.csv
	    Newer     		   2.3 m	C:\Users\earld\OneDrive\Documents\Out of the Park Developments\OOTP Baseball 26\saved_games\Action Baseball League.lg\import_export\csv\players_individual_batting_stats.csv
	    Newer     		   1.0 m	C:\Users\earld\OneDrive\Documents\Out of the Park Developments\OOTP Baseball 26\saved_games\Action Baseball League.lg\import_export\csv\players_injury_history.csv
	    Newer     		  338182	C:\Users\earld\OneDrive\Documents\Out of the Park Developments\OOTP Baseball 26\saved_games\Action Baseball League.lg\import_export\csv\players_league_leader.csv
	    Newer     		   2.0 m	C:\Users\earld\OneDrive\Documents\Out of the Park Developments\OOTP Baseball 26\saved_games\Action Baseball League.lg\import_export\csv\players_pitching.csv
	    Newer     		  680940	C:\Users\earld\OneDrive\Documents\Out of the Park Developments\OOTP Baseball 26\saved_games\Action Baseball League.lg\import_export\csv\players_roster_status.csv
	    Newer     		  492925	C:\Users\earld\OneDrive\Documents\Out of the Park Developments\OOTP Baseball 26\saved_games\Action Baseball League.lg\import_export\csv\players_salary_history.csv
	    Newer     		   2.7 m	C:\Users\earld\OneDrive\Documents\Out of the Park Developments\OOTP Baseball 26\saved_games\Action Baseball League.lg\import_export\csv\players_scouted_ratings.csv
	    Newer     		   8.2 m	C:\Users\earld\OneDrive\Documents\Out of the Park Developments\OOTP Baseball 26\saved_games\Action Baseball League.lg\import_export\csv\players_streak.csv
	    Newer     		   1.2 m	C:\Users\earld\OneDrive\Documents\Out of the Park Developments\OOTP Baseball 26\saved_games\Action Baseball League.lg\import_export\csv\players_value.csv
	    Newer     		    6884	C:\Users\earld\OneDrive\Documents\Out of the Park Developments\OOTP Baseball 26\saved_games\Action Baseball League.lg\import_export\csv\projected_starting_pitchers.csv
	    Newer     		   36823	C:\Users\earld\OneDrive\Documents\Out of the Park Developments\OOTP Baseball 26\saved_games\Action Baseball League.lg\import_export\csv\states.csv
	    Newer     		     476	C:\Users\earld\OneDrive\Documents\Out of the Park Developments\OOTP Baseball 26\saved_games\Action Baseball League.lg\import_export\csv\sub_leagues.csv
	    Newer     		   28392	C:\Users\earld\OneDrive\Documents\Out of the Park Developments\OOTP Baseball 26\saved_games\Action Baseball League.lg\import_export\csv\teams.csv
	    Newer     		     868	C:\Users\earld\OneDrive\Documents\Out of the Park Developments\OOTP Baseball 26\saved_games\Action Baseball League.lg\import_export\csv\team_affiliations.csv
	    Newer     		   25651	C:\Users\earld\OneDrive\Documents\Out of the Park Developments\OOTP Baseball 26\saved_games\Action Baseball League.lg\import_export\csv\team_batting_stats.csv
	    Newer     		   47678	C:\Users\earld\OneDrive\Documents\Out of the Park Developments\OOTP Baseball 26\saved_games\Action Baseball League.lg\import_export\csv\team_bullpen_pitching_stats.csv
	    Newer     		   14735	C:\Users\earld\OneDrive\Documents\Out of the Park Developments\OOTP Baseball 26\saved_games\Action Baseball League.lg\import_export\csv\team_fielding_stats_stats.csv
	    Newer     		   25152	C:\Users\earld\OneDrive\Documents\Out of the Park Developments\OOTP Baseball 26\saved_games\Action Baseball League.lg\import_export\csv\team_financials.csv
	    Newer     		   93998	C:\Users\earld\OneDrive\Documents\Out of the Park Developments\OOTP Baseball 26\saved_games\Action Baseball League.lg\import_export\csv\team_history.csv
	    Newer     		  226782	C:\Users\earld\OneDrive\Documents\Out of the Park Developments\OOTP Baseball 26\saved_games\Action Baseball League.lg\import_export\csv\team_history_batting_stats.csv
	    Newer     		  133130	C:\Users\earld\OneDrive\Documents\Out of the Park Developments\OOTP Baseball 26\saved_games\Action Baseball League.lg\import_export\csv\team_history_fielding_stats_stats.csv
	    Newer     		  171980	C:\Users\earld\OneDrive\Documents\Out of the Park Developments\OOTP Baseball 26\saved_games\Action Baseball League.lg\import_export\csv\team_history_financials.csv
	    Newer     		  436119	C:\Users\earld\OneDrive\Documents\Out of the Park Developments\OOTP Baseball 26\saved_games\Action Baseball League.lg\import_export\csv\team_history_pitching_stats.csv
	    Newer     		   67922	C:\Users\earld\OneDrive\Documents\Out of the Park Developments\OOTP Baseball 26\saved_games\Action Baseball League.lg\import_export\csv\team_history_record.csv
	    Newer     		   19231	C:\Users\earld\OneDrive\Documents\Out of the Park Developments\OOTP Baseball 26\saved_games\Action Baseball League.lg\import_export\csv\team_last_financials.csv
	    Newer     		   50212	C:\Users\earld\OneDrive\Documents\Out of the Park Developments\OOTP Baseball 26\saved_games\Action Baseball League.lg\import_export\csv\team_pitching_stats.csv
	    Newer     		    6029	C:\Users\earld\OneDrive\Documents\Out of the Park Developments\OOTP Baseball 26\saved_games\Action Baseball League.lg\import_export\csv\team_record.csv
	    Newer     		    1809	C:\Users\earld\OneDrive\Documents\Out of the Park Developments\OOTP Baseball 26\saved_games\Action Baseball League.lg\import_export\csv\team_relations.csv
	    Newer     		  123140	C:\Users\earld\OneDrive\Documents\Out of the Park Developments\OOTP Baseball 26\saved_games\Action Baseball League.lg\import_export\csv\team_roster.csv
	    Newer     		    5114	C:\Users\earld\OneDrive\Documents\Out of the Park Developments\OOTP Baseball 26\saved_games\Action Baseball League.lg\import_export\csv\team_roster_staff.csv
	    Newer     		   49015	C:\Users\earld\OneDrive\Documents\Out of the Park Developments\OOTP Baseball 26\saved_games\Action Baseball League.lg\import_export\csv\team_starting_pitching_stats.csv
	    Newer     		  203597	C:\Users\earld\OneDrive\Documents\Out of the Park Developments\OOTP Baseball 26\saved_games\Action Baseball League.lg\import_export\csv\trade_history.csv

------------------------------------------------------------------------------

               Total    Copied   Skipped  Mismatch    FAILED    Extras
    Dirs :         1         1         1         0         0         0
   Files :        72        72         0         0         0         0
   Bytes :  299.94 m  299.94 m         0         0         0         0
   Times :   0:00:00   0:00:00                       0:00:00   0:00:00
   Ended : Tuesday, August 11, 2026 7:05:18 PM

